Microchip MPLAB XC8 Compiler V2.36

Linker command line:

-W-3 --edf=C:\Program Files\Microchip\xc8\v2.36\pic\dat\en_msgs.txt -cn \
  -h+dist/default/production\amr_atia_BT.X.production.sym \
  --cmf=dist/default/production\amr_atia_BT.X.production.cmf -z -Q16F877A \
  -oC:\Users\AMRATI~1\AppData\Local\Temp\xcAslfc.4 --defsym=__MPLAB_BUILD=1 \
  -Mdist/default/production/amr_atia_BT.X.production.map \
  --md=C:\Users\AMRATI~1\AppData\Local\Temp\xcAslfc.dat -E1 \
  -ver=XC8 Compiler --acfsm=1493 -ACODE=00h-07FFhx4 -ASTRCODE=00h-01FFFh \
  -ASTRING=00h-0FFhx32 -ACONST=00h-0FFhx32 -AENTRY=00h-0FFhx32 \
  -ACOMMON=070h-07Fh -ABANK0=020h-06Fh -ABANK1=0A0h-0EFh \
  -ABANK2=0110h-016Fh -ABANK3=0190h-01EFh \
  -ARAM=020h-06Fh,0A0h-0EFh,0110h-016Fh,0190h-01EFh \
  -AABS1=020h-07Fh,0A0h-0EFh,0110h-016Fh,0190h-01EFh -ASFR0=00h-01Fh \
  -ASFR1=080h-09Fh -ASFR2=0100h-010Fh -ASFR3=0180h-018Fh \
  -ACONFIG=02007h-02007h -DCONFIG=2 -AIDLOC=02000h-02003h -DIDLOC=2 \
  -AEEDATA=00h-0FFh/02100h -peeprom_data=EEDATA -DEEDATA=2 -DCODE=2 \
  -DSTRCODE=2 -DSTRING=2 -DCONST=2 -DENTRY=2 \
  -preset_vec=00h,intentry,init,end_init -ppowerup=CODE -pcinit=CODE \
  -pfunctab=ENTRY -k C:\Users\AMRATI~1\AppData\Local\Temp\xcAslfc.o \
  dist/default/production\amr_atia_BT.X.production.o 

Object code version is 3.11

Machine type is 16F877A



                Name                               Link     Load   Length Selector   Space Scale
C:\Users\AMRATI~1\AppData\Local\Temp\xcAslfc.o
                end_init                              0        0        3        0       0
                config                             2007     2007        1        0       4
                idloc                              2000     2000        4        0       5
dist/default/production\amr_atia_BT.X.production.o
                cinit                               7DB      7DB       25      FB6       0
                config                             2007     2007        1        0       4
                idloc                              2000     2000        4        0       5
                text19                              C7F      C7F       10     18FE       0
                text18                              CF5      CF5       26     19EA       0
                text17                              CA0      CA0       14     1940       0
                text16                              CB4      CB4       14     1968       0
                text15                              C78      C78        7     18F0       0
                text14                              CDC      CDC       19     19B8       0
                text13                              CC8      CC8       14     1990       0
                text12                              D1B      D1B       30     1A36       0
                text11                              F5E      F5E       A2     1EBC       0
                text10                              C8F      C8F       11     191E       0
                text9                               314      314      1DD      628       0
                text8                                9A       9A       BA      134       0
                text7                               D4B      D4B       51     1A96       0
                text6                               D9C      D9C       51     1B38       0
                text5                               DED      DED       51     1BDA       0
                text4                               EF7      EF7       67     1DEE       0
                text3                               E3E      E3E       59     1C7C       0
                text2                               E97      E97       60     1D2E       0
                text1                               154      154      1C0      2A8       0
                maintext                            4F1      4F1      2EA      9E2       0
                cstackBANK0                          20       20       35       20       1
                cstackCOMMON                         70       70        E       70       1
                clrtext                              92       92        8      124       0
                dataBANK0                            67       67        4       20       1
                bssBANK0                             55       55       12       20       1
                strings                               3        3       8F        6       0
                idataBANK0                          C74      C74        4     18E8       0

TOTAL           Name                               Link     Load   Length     Space
        CLASS   CODE           
                end_init                              0        0        3         0
                cinit                               7DB      7DB       25         0
                text19                              C7F      C7F       10         0
                text18                              CF5      CF5       26         0
                text17                              CA0      CA0       14         0
                text16                              CB4      CB4       14         0
                text15                              C78      C78        7         0
                text14                              CDC      CDC       19         0
                text13                              CC8      CC8       14         0
                text12                              D1B      D1B       30         0
                text11                              F5E      F5E       A2         0
                text10                              C8F      C8F       11         0
                text9                               314      314      1DD         0
                text8                                9A       9A       BA         0
                text7                               D4B      D4B       51         0
                text6                               D9C      D9C       51         0
                text5                               DED      DED       51         0
                text4                               EF7      EF7       67         0
                text3                               E3E      E3E       59         0
                text2                               E97      E97       60         0
                text1                               154      154      1C0         0
                maintext                            4F1      4F1      2EA         0
                clrtext                              92       92        8         0
                idataBANK0                          C74      C74        4         0

        CLASS   STRCODE        

        CLASS   STRING         
                strings                               3        3       8F         0

        CLASS   CONST          

        CLASS   ENTRY          

        CLASS   COMMON         
                cstackCOMMON                         70       70        E         1

        CLASS   BANK0          
                cstackBANK0                          20       20       35         1
                dataBANK0                            67       67        4         1
                bssBANK0                             55       55       12         1

        CLASS   BANK1          

        CLASS   BANK2          

        CLASS   BANK3          

        CLASS   RAM            

        CLASS   ABS1           
                abs_s1                               7E       7E        2         1

        CLASS   SFR0           

        CLASS   SFR1           

        CLASS   SFR2           

        CLASS   SFR3           

        CLASS   CONFIG         
                config                             2007     2007        1         4

        CLASS   IDLOC          
                idloc                              2000     2000        4         5

        CLASS   EEDATA         

        CLASS   STACK          



SEGMENTS        Name                           Load    Length   Top    Selector   Space  Class     Delta

                reset_vec                      000000  000003  000003         0       0  CODE        2
                strings                        000003  00008F  000092         6       0  STRING      2
                cstackBANK0                    000020  00004B  00006B        20       1  BANK0       1
                cstackCOMMON                   000070  00000E  00007E        70       1  COMMON      1
                clrtext                        000092  000008  00009A       124       0  CODE        2
                text8                          00009A  0000BA  000154       134       0  CODE        2
                text1                          000154  0001C0  000314       2A8       0  CODE        2
                text9                          000314  0001DD  0004F1       628       0  CODE        2
                maintext                       0004F1  0002EA  0007DB       9E2       0  CODE        2
                cinit                          0007DB  000025  000800       FB6       0  CODE        2
                idataBANK0                     000C74  000004  000C78      18E8       0  CODE        2
                text15                         000C78  000007  000C7F      18F0       0  CODE        2
                text19                         000C7F  000010  000C8F      18FE       0  CODE        2
                text10                         000C8F  000011  000CA0      191E       0  CODE        2
                text17                         000CA0  000014  000CB4      1940       0  CODE        2
                text16                         000CB4  000014  000CC8      1968       0  CODE        2
                text13                         000CC8  000014  000CDC      1990       0  CODE        2
                text14                         000CDC  000019  000CF5      19B8       0  CODE        2
                text18                         000CF5  000026  000D1B      19EA       0  CODE        2
                text12                         000D1B  000030  000D4B      1A36       0  CODE        2
                text7                          000D4B  000051  000D9C      1A96       0  CODE        2
                text6                          000D9C  000051  000DED      1B38       0  CODE        2
                text5                          000DED  000051  000E3E      1BDA       0  CODE        2
                text3                          000E3E  000059  000E97      1C7C       0  CODE        2
                text2                          000E97  000060  000EF7      1D2E       0  CODE        2
                text4                          000EF7  000067  000F5E      1DEE       0  CODE        2
                text11                         000F5E  0000A2  001000      1EBC       0  CODE        2


UNUSED ADDRESS RANGES

        Name                Unused          Largest block    Delta
        BANK0            006B-006F              5           1
        BANK1            00A0-00EF             50           1
        BANK2            0110-016F             60           1
        BANK3            0190-01EF             60           1
        CODE             0800-0C73            474           2
                         1000-1FFF            800
        CONST            0800-0C73            100           2
                         1000-1FFF            100
        EEDATA           2100-21FF            100           2
        ENTRY            0800-0C73            100           2
                         1000-1FFF            100
        RAM              006B-006F              5           1
                         00A0-00EF             50
                         0110-016F             60
                         0190-01EF             60
        SFR0             0000-001F             20           1
        SFR1             0080-009F             20           1
        SFR2             0100-010F             10           1
        SFR3             0180-018F             10           1
        STRCODE          0800-0C73            474           2
                         1000-1FFF           1000
        STRING           0800-0C73            100           2
                         1000-1FFF            100

                                  Symbol Table

?___awdiv                     cstackCOMMON 0070
?___awmod                     cstackCOMMON 0070
?___fldiv                     cstackBANK0  0020
?___xxtofl                    cstackCOMMON 0070
?_dist1                       cstackBANK0  003A
?_dist2                       cstackBANK0  003A
?_dist3                       cstackBANK0  003A
BT_load_char@byte             cstackCOMMON 0070
BT_load_string@string         cstackCOMMON 0071
LCD_Command@cmd               cstackCOMMON 0072
LCD_Data@data                 cstackCOMMON 0072
LCD_string@i                  cstackCOMMON 0075
LCD_string@str                cstackCOMMON 0073
_BRGH                         (abs)        04C2
_BT_load_char                 text19       0C7F
_BT_load_string               text18       0CF5
_CREN                         (abs)        00C4
_Initialize_Bluetooth         text17       0CA0
_LCD_Clear                    text15       0C78
_LCD_Command                  text16       0CB4
_LCD_Data                     text13       0CC8
_LCD_init                     text14       0CDC
_LCD_string                   text12       0D1B
_OERR                         (abs)        00C1
_PORTB                        (abs)        0006
_RA0                          (abs)        0028
_RA1                          (abs)        0029
_RA2                          (abs)        002A
_RA3                          (abs)        002B
_RA4                          (abs)        002C
_RA5                          (abs)        002D
_RC2                          (abs)        003A
_RC3                          (abs)        003B
_RC4                          (abs)        003C
_RC5                          (abs)        003D
_RCIF                         (abs)        0065
_RCREG                        (abs)        001A
_RD0                          (abs)        0040
_RD1                          (abs)        0041
_RD2                          (abs)        0042
_RD3                          (abs)        0043
_RD4                          (abs)        0044
_RD5                          (abs)        0045
_RD6                          (abs)        0046
_RD7                          (abs)        0047
_RX9                          (abs)        00C6
_SPBRG                        (abs)        0099
_SPEN                         (abs)        00C7
_SYNC                         (abs)        04C4
_T1CKPS0                      (abs)        0084
_T1CKPS1                      (abs)        0085
_TMR1                         (abs)        000E
_TMR1CS                       (abs)        0081
_TMR1ON                       (abs)        0080
_TRISA0                       (abs)        0428
_TRISA1                       (abs)        0429
_TRISA2                       (abs)        042A
_TRISA3                       (abs)        042B
_TRISA4                       (abs)        042C
_TRISA5                       (abs)        042D
_TRISB                        (abs)        0086
_TRISC2                       (abs)        043A
_TRISC3                       (abs)        043B
_TRISC4                       (abs)        043C
_TRISC5                       (abs)        043D
_TRISC6                       (abs)        043E
_TRISC7                       (abs)        043F
_TRISD0                       (abs)        0440
_TRISD1                       (abs)        0441
_TRISD2                       (abs)        0442
_TRISD3                       (abs)        0443
_TRISD4                       (abs)        0444
_TRISD5                       (abs)        0445
_TRISD6                       (abs)        0446
_TRISD7                       (abs)        0447
_TRMT                         (abs)        04C1
_TX9                          (abs)        04C6
_TXEN                         (abs)        04C5
_TXIF                         (abs)        0064
_TXREG                        (abs)        0019
__Habs1                       abs1         0000
__Hbank0                      bank0        0000
__Hbank1                      bank1        0000
__Hbank2                      bank2        0000
__Hbank3                      bank3        0000
__HbssBANK0                   bssBANK0     0000
__Hcinit                      cinit        0800
__Hclrtext                    clrtext      0000
__Hcode                       code         0000
__Hcommon                     common       0000
__Hconfig                     config       2008
__HcstackBANK0                cstackBANK0  0000
__HcstackCOMMON               cstackCOMMON 0000
__HdataBANK0                  dataBANK0    0000
__Heeprom_data                eeprom_data  0000
__Hend_init                   end_init     0003
__Hfunctab                    functab      0000
__HidataBANK0                 idataBANK0   0000
__Hidloc                      idloc        2004
__Hinit                       init         0000
__Hintentry                   intentry     0000
__Hmaintext                   maintext     0000
__Hpowerup                    powerup      0000
__Hram                        ram          0000
__Hreset_vec                  reset_vec    0000
__Hsfr0                       sfr0         0000
__Hsfr1                       sfr1         0000
__Hsfr2                       sfr2         0000
__Hsfr3                       sfr3         0000
__Hspace_0                    (abs)        1000
__Hspace_1                    (abs)        007E
__Hspace_2                    (abs)        0000
__Hspace_3                    (abs)        0000
__Hspace_4                    (abs)        400F
__Hstack                      stack        0000
__Hstrings                    strings      0000
__Htext                       text         0000
__Labs1                       abs1         0000
__Lbank0                      bank0        0000
__Lbank1                      bank1        0000
__Lbank2                      bank2        0000
__Lbank3                      bank3        0000
__LbssBANK0                   bssBANK0     0000
__Lcinit                      cinit        07DB
__Lclrtext                    clrtext      0000
__Lcode                       code         0000
__Lcommon                     common       0000
__Lconfig                     config       0000
__LcstackBANK0                cstackBANK0  0000
__LcstackCOMMON               cstackCOMMON 0000
__LdataBANK0                  dataBANK0    0000
__Leeprom_data                eeprom_data  0000
__Lend_init                   end_init     0000
__Lfunctab                    functab      0000
__LidataBANK0                 idataBANK0   0000
__Lidloc                      idloc        0000
__Linit                       init         0000
__Lintentry                   intentry     0000
__Lmaintext                   maintext     0000
__Lpowerup                    powerup      0000
__Lram                        ram          0000
__Lreset_vec                  reset_vec    0000
__Lsfr0                       sfr0         0000
__Lsfr1                       sfr1         0000
__Lsfr2                       sfr2         0000
__Lsfr3                       sfr3         0000
__Lspace_0                    (abs)        0000
__Lspace_1                    (abs)        0000
__Lspace_2                    (abs)        0000
__Lspace_3                    (abs)        0000
__Lspace_4                    (abs)        0000
__Lstack                      stack        0000
__Lstrings                    strings      0000
__Ltext                       text         0000
__S0                          (abs)        1000
__S1                          (abs)        007E
__S3                          (abs)        0000
___awdiv                      text4        0EF7
___awdiv@counter              cstackCOMMON 0075
___awdiv@dividend             cstackCOMMON 0072
___awdiv@divisor              cstackCOMMON 0070
___awdiv@quotient             cstackCOMMON 0077
___awdiv@sign                 cstackCOMMON 0076
___awmod                      text3        0E3E
___awmod@counter              cstackCOMMON 0075
___awmod@dividend             cstackCOMMON 0072
___awmod@divisor              cstackCOMMON 0070
___awmod@sign                 cstackCOMMON 0076
___fldiv                      text9        0314
___fldiv@a                    cstackBANK0  0020
___fldiv@aexp                 cstackBANK0  0039
___fldiv@b                    cstackBANK0  0024
___fldiv@bexp                 cstackBANK0  0038
___fldiv@grs                  cstackBANK0  0034
___fldiv@new_exp              cstackBANK0  0032
___fldiv@rem                  cstackBANK0  002D
___fldiv@sign                 cstackBANK0  0031
___flge                       text11       0F5E
___flge@ff1                   cstackCOMMON 0070
___flge@ff2                   cstackCOMMON 0074
___int_sp                     stack        0000
___latbits                    (abs)        0002
___sp                         stack        0000
___stackhi                    (abs)        0000
___stacklo                    (abs)        0000
___xxtofl                     text8        009A
___xxtofl@arg                 cstackCOMMON 007A
___xxtofl@exp                 cstackCOMMON 0079
___xxtofl@sign                cstackCOMMON 0078
___xxtofl@val                 cstackCOMMON 0070
__end_of_BT_load_char         text19       0C8F
__end_of_BT_load_string       text18       0D1B
__end_of_Initialize_Bluetooth text17       0CB4
__end_of_LCD_Clear            text15       0C7F
__end_of_LCD_Command          text16       0CC8
__end_of_LCD_Data             text13       0CDC
__end_of_LCD_init             text14       0CF5
__end_of_LCD_string           text12       0D4B
__end_of___awdiv              text4        0F5E
__end_of___awmod              text3        0E97
__end_of___fldiv              text9        04F1
__end_of___flge               text11       1000
__end_of___xxtofl             text8        0154
__end_of__initialization      cinit        07FC
__end_of__stringtab           strings      0013
__end_of_broadcast_BT         text10       0CA0
__end_of_dist1                text7        0D9C
__end_of_dist2                text6        0DED
__end_of_dist3                text5        0E3E
__end_of_itoa                 text2        0EF7
__end_of_main                 maintext     07DB
__end_of_updateWifiCounter    text1        0314
__initialization              cinit        07DB
__pbssBANK0                   bssBANK0     0055
__pcstackBANK0                cstackBANK0  0020
__pcstackCOMMON               cstackCOMMON 0070
__pdataBANK0                  dataBANK0    0067
__pidataBANK0                 idataBANK0   0C74
__pmaintext                   maintext     04F1
__pstrings                    strings      0003
__ptext1                      text1        0154
__ptext10                     text10       0C8F
__ptext11                     text11       0F5E
__ptext12                     text12       0D1B
__ptext13                     text13       0CC8
__ptext14                     text14       0CDC
__ptext15                     text15       0C78
__ptext16                     text16       0CB4
__ptext17                     text17       0CA0
__ptext18                     text18       0CF5
__ptext19                     text19       0C7F
__ptext2                      text2        0E97
__ptext3                      text3        0E3E
__ptext4                      text4        0EF7
__ptext5                      text5        0DED
__ptext6                      text6        0D9C
__ptext7                      text7        0D4B
__ptext8                      text8        009A
__ptext9                      text9        0314
__stringbase                  strings      0012
__stringtab                   strings      0003
_broadcast_BT                 text10       0C8F
_count1                       bssBANK0     0055
_count2                       bssBANK0     0057
_count3                       bssBANK0     0059
_dist1                        text7        0D4B
_dist2                        text6        0D9C
_dist3                        text5        0DED
_itoa                         text2        0E97
_main                         maintext     04F1
_updateWifiCounter            text1        0154
_wifiCounter                  dataBANK0    0067
btemp                         (abs)        007E
clear_ram0                    clrtext      0092
dist1@distance1               cstackBANK0  003F
dist2@distance2               cstackBANK0  003F
dist3@distance3               cstackBANK0  003F
end_of_initialization         cinit        07FC
intlevel0                     functab      0000
intlevel1                     functab      0000
intlevel2                     functab      0000
intlevel3                     functab      0000
intlevel4                     functab      0000
intlevel5                     functab      0000
itoa@buffer                   bssBANK0     005B
itoa@c                        cstackBANK0  0022
itoa@original                 cstackBANK0  0020
itoa@value                    cstackCOMMON 0079
main@c1                       cstackBANK0  0054
main@c2                       cstackBANK0  0053
main@c3                       cstackBANK0  0052
main@distance1                cstackBANK0  0046
main@distance2                cstackBANK0  004A
main@distance3                cstackBANK0  004E
reset_vec                     reset_vec    0000
start                         init         0000
start_initialization          cinit        07DB
updateWifiCounter@temp        cstackBANK0  0020
updateWifiCounter@temp_166    cstackBANK0  0022
updateWifiCounter@temp_167    cstackBANK0  0024
wtemp0                        (abs)        007E


MODULE INFORMATION

Module		Function		Class		Link	Load	Size
./sensor.h
		_dist3         		CODE           	0DED	0000	81
		_dist1         		CODE           	0D4B	0000	81
		_dist2         		CODE           	0D9C	0000	81

./sensor.h estimated size: 243

./BT.h
		_Initialize_Bluetooth		CODE           	0CA0	0000	20
		_BT_load_char  		CODE           	0C7F	0000	16
		_BT_load_string		CODE           	0CF5	0000	38
		_broadcast_BT  		CODE           	0C8F	0000	17

./BT.h estimated size: 91

C:\Program Files\Microchip\xc8\v2.36\pic\sources\c90\common\awmod.c
		___awmod       		CODE           	0E3E	0000	89

C:\Program Files\Microchip\xc8\v2.36\pic\sources\c90\common\awmod.c estimated size: 89

C:\Program Files\Microchip\xc8\v2.36\pic\sources\c90\common\awdiv.c
		___awdiv       		CODE           	0EF7	0000	103

C:\Program Files\Microchip\xc8\v2.36\pic\sources\c90\common\awdiv.c estimated size: 103

./LCD.h
		_LCD_Command   		CODE           	0CB4	0000	20
		_LCD_Data      		CODE           	0CC8	0000	20
		_LCD_string    		CODE           	0D1B	0000	48
		_LCD_init      		CODE           	0CDC	0000	25
		_LCD_Clear     		CODE           	0C78	0000	7
		_itoa          		CODE           	0E97	0000	96

./LCD.h estimated size: 216

C:\Program Files\Microchip\xc8\v2.36\pic\sources\c90\common\sprcdiv.c
		___fldiv       		CODE           	0314	0000	477

C:\Program Files\Microchip\xc8\v2.36\pic\sources\c90\common\sprcdiv.c estimated size: 477

shared
		__stringtab    		STRING         	0003	0000	16
		__initialization		CODE           	07DB	0000	33

shared estimated size: 49

C:\Program Files\Microchip\xc8\v2.36\pic\sources\c90\common\xxtofl.c
		___xxtofl      		CODE           	009A	0000	186

C:\Program Files\Microchip\xc8\v2.36\pic\sources\c90\common\xxtofl.c estimated size: 186

mainBT.c
		_updateWifiCounter		CODE           	0154	0000	448
		_main          		CODE           	04F1	0000	746

mainBT.c estimated size: 1194

C:\Program Files\Microchip\xc8\v2.36\pic\sources\c90\common\flge.c
		___flge        		CODE           	0F5E	0000	162

C:\Program Files\Microchip\xc8\v2.36\pic\sources\c90\common\flge.c estimated size: 162

