Microchip MPLAB XC8 Compiler V2.36

Linker command line:

-W-3 --edf=C:\Program Files\Microchip\xc8\v2.36\pic\dat\en_msgs.txt -cn \
  -h+dist/default/production\amr_atia_BT.X.production.sym \
  --cmf=dist/default/production\amr_atia_BT.X.production.cmf -z -Q16F877A \
  -oC:\Users\AMRATI~1\AppData\Local\Temp\xcAs1sqc.4 \
  --defsym=__MPLAB_BUILD=1 \
  -Mdist/default/production/amr_atia_BT.X.production.map \
  --md=C:\Users\AMRATI~1\AppData\Local\Temp\xcAs1sqc.dat -E1 \
  -ver=XC8 Compiler --acfsm=1493 -ACODE=00h-07FFhx4 -ASTRCODE=00h-01FFFh \
  -ASTRING=00h-0FFhx32 -ACONST=00h-0FFhx32 -AENTRY=00h-0FFhx32 \
  -ACOMMON=070h-07Fh -ABANK0=020h-06Fh -ABANK1=0A0h-0EFh \
  -ABANK2=0110h-016Fh -ABANK3=0190h-01EFh \
  -ARAM=020h-06Fh,0A0h-0EFh,0110h-016Fh,0190h-01EFh \
  -AABS1=020h-07Fh,0A0h-0EFh,0110h-016Fh,0190h-01EFh -ASFR0=00h-01Fh \
  -ASFR1=080h-09Fh -ASFR2=0100h-010Fh -ASFR3=0180h-018Fh \
  -ACONFIG=02007h-02007h -DCONFIG=2 -AIDLOC=02000h-02003h -DIDLOC=2 \
  -AEEDATA=00h-0FFh/02100h -peeprom_data=EEDATA -DEEDATA=2 -DCODE=2 \
  -DSTRCODE=2 -DSTRING=2 -DCONST=2 -DENTRY=2 \
  -preset_vec=00h,intentry,init,end_init -ppowerup=CODE -pcinit=CODE \
  -pfunctab=ENTRY -k C:\Users\AMRATI~1\AppData\Local\Temp\xcAs1sqc.o \
  dist/default/production\amr_atia_BT.X.production.o 

Object code version is 3.11

Machine type is 16F877A



                Name                               Link     Load   Length Selector   Space Scale
C:\Users\AMRATI~1\AppData\Local\Temp\xcAs1sqc.o
                end_init                              0        0        3        0       0
                config                             2007     2007        1        0       4
                idloc                              2000     2000        4        0       5
dist/default/production\amr_atia_BT.X.production.o
                cinit                               7DB      7DB       25      FB6       0
                config                             2007     2007        1        0       4
                idloc                              2000     2000        4        0       5
                text22                              CC1      CC1       14     1982       0
                text21                              CD5      CD5       14     19AA       0
                text20                              C91      C91        7     1922       0
                text19                              CFD      CFD       19     19FA       0
                text18                              164      164       A2      2C8       0
                text17                              5FE      5FE      1DD      BFC       0
                text16                              206      206       BA      40C       0
                text15                              D6C      D6C       51     1AD8       0
                text14                              DBD      DBD       51     1B7A       0
                text13                              E0E      E0E       51     1C1C       0
                text12                              CA0      CA0       10     1940       0
                text11                              D16      D16       26     1A2C       0
                text10                              CE9      CE9       14     19D2       0
                text9                               D3C      D3C       30     1A78       0
                text8                               CB0      CB0       11     1960       0
                text7                                89       89       67      112       0
                text6                               E5F      E5F       59     1CBE       0
                text5                               EB8      EB8       60     1D70       0
                text4                               F18      F18       74     1E30       0
                text3                               F8C      F8C       74     1F18       0
                text2                                F0       F0       74      1E0       0
                text1                               43E      43E      1C0      87C       0
                maintext                            2C0      2C0      17E      580       0
                cstackBANK0                          20       20       32       20       1
                cstackCOMMON                         70       70        E       70       1
                clrtext                             C98      C98        8     1930       0
                dataBANK0                            67       67        4       20       1
                bssBANK0                             52       52       15       20       1
                strings                               3        3       82        6       0
                idataBANK0                           85       85        4      10A       0

TOTAL           Name                               Link     Load   Length     Space
        CLASS   CODE           
                end_init                              0        0        3         0
                cinit                               7DB      7DB       25         0
                text22                              CC1      CC1       14         0
                text21                              CD5      CD5       14         0
                text20                              C91      C91        7         0
                text19                              CFD      CFD       19         0
                text18                              164      164       A2         0
                text17                              5FE      5FE      1DD         0
                text16                              206      206       BA         0
                text15                              D6C      D6C       51         0
                text14                              DBD      DBD       51         0
                text13                              E0E      E0E       51         0
                text12                              CA0      CA0       10         0
                text11                              D16      D16       26         0
                text10                              CE9      CE9       14         0
                text9                               D3C      D3C       30         0
                text8                               CB0      CB0       11         0
                text7                                89       89       67         0
                text6                               E5F      E5F       59         0
                text5                               EB8      EB8       60         0
                text4                               F18      F18       74         0
                text3                               F8C      F8C       74         0
                text2                                F0       F0       74         0
                text1                               43E      43E      1C0         0
                maintext                            2C0      2C0      17E         0
                clrtext                             C98      C98        8         0
                idataBANK0                           85       85        4         0

        CLASS   STRCODE        

        CLASS   STRING         
                strings                               3        3       82         0

        CLASS   CONST          

        CLASS   ENTRY          

        CLASS   COMMON         
                cstackCOMMON                         70       70        E         1

        CLASS   BANK0          
                cstackBANK0                          20       20       32         1
                dataBANK0                            67       67        4         1
                bssBANK0                             52       52       15         1

        CLASS   BANK1          

        CLASS   BANK2          

        CLASS   BANK3          

        CLASS   RAM            

        CLASS   ABS1           
                abs_s1                               7E       7E        2         1

        CLASS   SFR0           

        CLASS   SFR1           

        CLASS   SFR2           

        CLASS   SFR3           

        CLASS   CONFIG         
                config                             2007     2007        1         4

        CLASS   IDLOC          
                idloc                              2000     2000        4         5

        CLASS   EEDATA         

        CLASS   STACK          



SEGMENTS        Name                           Load    Length   Top    Selector   Space  Class     Delta

                reset_vec                      000000  000003  000003         0       0  CODE        2
                strings                        000003  000082  000085         6       0  STRING      2
                cstackBANK0                    000020  00004B  00006B        20       1  BANK0       1
                cstackCOMMON                   000070  00000E  00007E        70       1  COMMON      1
                idataBANK0                     000085  000004  000089       10A       0  CODE        2
                text7                          000089  000067  0000F0       112       0  CODE        2
                text2                          0000F0  000074  000164       1E0       0  CODE        2
                text18                         000164  0000A2  000206       2C8       0  CODE        2
                text16                         000206  0000BA  0002C0       40C       0  CODE        2
                maintext                       0002C0  00017E  00043E       580       0  CODE        2
                text1                          00043E  0001C0  0005FE       87C       0  CODE        2
                text17                         0005FE  0001DD  0007DB       BFC       0  CODE        2
                cinit                          0007DB  000025  000800       FB6       0  CODE        2
                text20                         000C91  000007  000C98      1922       0  CODE        2
                clrtext                        000C98  000008  000CA0      1930       0  CODE        2
                text12                         000CA0  000010  000CB0      1940       0  CODE        2
                text8                          000CB0  000011  000CC1      1960       0  CODE        2
                text22                         000CC1  000014  000CD5      1982       0  CODE        2
                text21                         000CD5  000014  000CE9      19AA       0  CODE        2
                text10                         000CE9  000014  000CFD      19D2       0  CODE        2
                text19                         000CFD  000019  000D16      19FA       0  CODE        2
                text11                         000D16  000026  000D3C      1A2C       0  CODE        2
                text9                          000D3C  000030  000D6C      1A78       0  CODE        2
                text15                         000D6C  000051  000DBD      1AD8       0  CODE        2
                text14                         000DBD  000051  000E0E      1B7A       0  CODE        2
                text13                         000E0E  000051  000E5F      1C1C       0  CODE        2
                text6                          000E5F  000059  000EB8      1CBE       0  CODE        2
                text5                          000EB8  000060  000F18      1D70       0  CODE        2
                text4                          000F18  000074  000F8C      1E30       0  CODE        2
                text3                          000F8C  000074  001000      1F18       0  CODE        2


UNUSED ADDRESS RANGES

        Name                Unused          Largest block    Delta
        BANK0            006B-006F              5           1
        BANK1            00A0-00EF             50           1
        BANK2            0110-016F             60           1
        BANK3            0190-01EF             60           1
        CODE             0800-0C90            491           2
                         1000-1FFF            800
        CONST            0800-0C90            100           2
                         1000-1FFF            100
        EEDATA           2100-21FF            100           2
        ENTRY            0800-0C90            100           2
                         1000-1FFF            100
        RAM              006B-006F              5           1
                         00A0-00EF             50
                         0110-016F             60
                         0190-01EF             60
        SFR0             0000-001F             20           1
        SFR1             0080-009F             20           1
        SFR2             0100-010F             10           1
        SFR3             0180-018F             10           1
        STRCODE          0800-0C90            491           2
                         1000-1FFF           1000
        STRING           0800-0C90            100           2
                         1000-1FFF            100

                                  Symbol Table

?___awdiv                     cstackCOMMON 0070
?___awmod                     cstackCOMMON 0070
?___fldiv                     cstackBANK0  0020
?___xxtofl                    cstackCOMMON 0070
?_dist1                       cstackBANK0  003A
?_dist2                       cstackBANK0  003A
?_dist3                       cstackBANK0  003A
BT_load_char@byte             cstackCOMMON 0070
BT_load_string@string         cstackCOMMON 0071
LCD_Command@cmd               cstackCOMMON 0072
LCD_Data@data                 cstackCOMMON 0072
LCD_string@i                  cstackCOMMON 0075
LCD_string@str                cstackCOMMON 0073
_BRGH                         (abs)        04C2
_BT_load_char                 text12       0CA0
_BT_load_string               text11       0D16
_CREN                         (abs)        00C4
_Initialize_Bluetooth         text22       0CC1
_LCD_Clear                    text20       0C91
_LCD_Command                  text21       0CD5
_LCD_Data                     text10       0CE9
_LCD_init                     text19       0CFD
_LCD_string                   text9        0D3C
_OERR                         (abs)        00C1
_PORTB                        (abs)        0006
_RA0                          (abs)        0028
_RA1                          (abs)        0029
_RA2                          (abs)        002A
_RA3                          (abs)        002B
_RA4                          (abs)        002C
_RA5                          (abs)        002D
_RC2                          (abs)        003A
_RC3                          (abs)        003B
_RC4                          (abs)        003C
_RC5                          (abs)        003D
_RCIF                         (abs)        0065
_RCREG                        (abs)        001A
_RD0                          (abs)        0040
_RD1                          (abs)        0041
_RD2                          (abs)        0042
_RD3                          (abs)        0043
_RD4                          (abs)        0044
_RD5                          (abs)        0045
_RD6                          (abs)        0046
_RD7                          (abs)        0047
_RX9                          (abs)        00C6
_SPBRG                        (abs)        0099
_SPEN                         (abs)        00C7
_SYNC                         (abs)        04C4
_T1CKPS0                      (abs)        0084
_T1CKPS1                      (abs)        0085
_TMR1                         (abs)        000E
_TMR1CS                       (abs)        0081
_TMR1ON                       (abs)        0080
_TRISA0                       (abs)        0428
_TRISA1                       (abs)        0429
_TRISA2                       (abs)        042A
_TRISA3                       (abs)        042B
_TRISA4                       (abs)        042C
_TRISA5                       (abs)        042D
_TRISB                        (abs)        0086
_TRISC2                       (abs)        043A
_TRISC3                       (abs)        043B
_TRISC4                       (abs)        043C
_TRISC5                       (abs)        043D
_TRISC6                       (abs)        043E
_TRISC7                       (abs)        043F
_TRISD0                       (abs)        0440
_TRISD1                       (abs)        0441
_TRISD2                       (abs)        0442
_TRISD3                       (abs)        0443
_TRISD4                       (abs)        0444
_TRISD5                       (abs)        0445
_TRISD6                       (abs)        0446
_TRISD7                       (abs)        0447
_TRMT                         (abs)        04C1
_TX9                          (abs)        04C6
_TXEN                         (abs)        04C5
_TXIF                         (abs)        0064
_TXREG                        (abs)        0019
__Habs1                       abs1         0000
__Hbank0                      bank0        0000
__Hbank1                      bank1        0000
__Hbank2                      bank2        0000
__Hbank3                      bank3        0000
__HbssBANK0                   bssBANK0     0000
__Hcinit                      cinit        0800
__Hclrtext                    clrtext      0000
__Hcode                       code         0000
__Hcommon                     common       0000
__Hconfig                     config       2008
__HcstackBANK0                cstackBANK0  0000
__HcstackCOMMON               cstackCOMMON 0000
__HdataBANK0                  dataBANK0    0000
__Heeprom_data                eeprom_data  0000
__Hend_init                   end_init     0003
__Hfunctab                    functab      0000
__HidataBANK0                 idataBANK0   0000
__Hidloc                      idloc        2004
__Hinit                       init         0000
__Hintentry                   intentry     0000
__Hmaintext                   maintext     0000
__Hpowerup                    powerup      0000
__Hram                        ram          0000
__Hreset_vec                  reset_vec    0000
__Hsfr0                       sfr0         0000
__Hsfr1                       sfr1         0000
__Hsfr2                       sfr2         0000
__Hsfr3                       sfr3         0000
__Hspace_0                    (abs)        1000
__Hspace_1                    (abs)        007E
__Hspace_2                    (abs)        0000
__Hspace_3                    (abs)        0000
__Hspace_4                    (abs)        400F
__Hstack                      stack        0000
__Hstrings                    strings      0000
__Htext                       text         0000
__Labs1                       abs1         0000
__Lbank0                      bank0        0000
__Lbank1                      bank1        0000
__Lbank2                      bank2        0000
__Lbank3                      bank3        0000
__LbssBANK0                   bssBANK0     0000
__Lcinit                      cinit        07DB
__Lclrtext                    clrtext      0000
__Lcode                       code         0000
__Lcommon                     common       0000
__Lconfig                     config       0000
__LcstackBANK0                cstackBANK0  0000
__LcstackCOMMON               cstackCOMMON 0000
__LdataBANK0                  dataBANK0    0000
__Leeprom_data                eeprom_data  0000
__Lend_init                   end_init     0000
__Lfunctab                    functab      0000
__LidataBANK0                 idataBANK0   0000
__Lidloc                      idloc        0000
__Linit                       init         0000
__Lintentry                   intentry     0000
__Lmaintext                   maintext     0000
__Lpowerup                    powerup      0000
__Lram                        ram          0000
__Lreset_vec                  reset_vec    0000
__Lsfr0                       sfr0         0000
__Lsfr1                       sfr1         0000
__Lsfr2                       sfr2         0000
__Lsfr3                       sfr3         0000
__Lspace_0                    (abs)        0000
__Lspace_1                    (abs)        0000
__Lspace_2                    (abs)        0000
__Lspace_3                    (abs)        0000
__Lspace_4                    (abs)        0000
__Lstack                      stack        0000
__Lstrings                    strings      0000
__Ltext                       text         0000
__S0                          (abs)        1000
__S1                          (abs)        007E
__S3                          (abs)        0000
___awdiv                      text7        0089
___awdiv@counter              cstackCOMMON 0075
___awdiv@dividend             cstackCOMMON 0072
___awdiv@divisor              cstackCOMMON 0070
___awdiv@quotient             cstackCOMMON 0077
___awdiv@sign                 cstackCOMMON 0076
___awmod                      text6        0E5F
___awmod@counter              cstackCOMMON 0075
___awmod@dividend             cstackCOMMON 0072
___awmod@divisor              cstackCOMMON 0070
___awmod@sign                 cstackCOMMON 0076
___fldiv                      text17       05FE
___fldiv@a                    cstackBANK0  0020
___fldiv@aexp                 cstackBANK0  0039
___fldiv@b                    cstackBANK0  0024
___fldiv@bexp                 cstackBANK0  0038
___fldiv@grs                  cstackBANK0  0034
___fldiv@new_exp              cstackBANK0  0032
___fldiv@rem                  cstackBANK0  002D
___fldiv@sign                 cstackBANK0  0031
___flge                       text18       0164
___flge@ff1                   cstackCOMMON 0070
___flge@ff2                   cstackCOMMON 0074
___int_sp                     stack        0000
___latbits                    (abs)        0002
___sp                         stack        0000
___stackhi                    (abs)        0000
___stacklo                    (abs)        0000
___xxtofl                     text16       0206
___xxtofl@arg                 cstackCOMMON 007A
___xxtofl@exp                 cstackCOMMON 0079
___xxtofl@sign                cstackCOMMON 0078
___xxtofl@val                 cstackCOMMON 0070
__end_of_BT_load_char         text12       0CB0
__end_of_BT_load_string       text11       0D3C
__end_of_Initialize_Bluetooth text22       0CD5
__end_of_LCD_Clear            text20       0C98
__end_of_LCD_Command          text21       0CE9
__end_of_LCD_Data             text10       0CFD
__end_of_LCD_init             text19       0D16
__end_of_LCD_string           text9        0D6C
__end_of___awdiv              text7        00F0
__end_of___awmod              text6        0EB8
__end_of___fldiv              text17       07DB
__end_of___flge               text18       0206
__end_of___xxtofl             text16       02C0
__end_of__initialization      cinit        07FC
__end_of__stringtab           strings      0013
__end_of_broadcast_BT         text8        0CC1
__end_of_dist1                text15       0DBD
__end_of_dist2                text14       0E0E
__end_of_dist3                text13       0E5F
__end_of_itoa                 text5        0F18
__end_of_main                 maintext     043E
__end_of_person150_170        text4        0F8C
__end_of_person170_190        text3        1000
__end_of_personOver_190       text2        0164
__end_of_updateWifiCounter    text1        05FE
__initialization              cinit        07DB
__pbssBANK0                   bssBANK0     0052
__pcstackBANK0                cstackBANK0  0020
__pcstackCOMMON               cstackCOMMON 0070
__pdataBANK0                  dataBANK0    0067
__pidataBANK0                 idataBANK0   0085
__pmaintext                   maintext     02C0
__pstrings                    strings      0003
__ptext1                      text1        043E
__ptext10                     text10       0CE9
__ptext11                     text11       0D16
__ptext12                     text12       0CA0
__ptext13                     text13       0E0E
__ptext14                     text14       0DBD
__ptext15                     text15       0D6C
__ptext16                     text16       0206
__ptext17                     text17       05FE
__ptext18                     text18       0164
__ptext19                     text19       0CFD
__ptext2                      text2        00F0
__ptext20                     text20       0C91
__ptext21                     text21       0CD5
__ptext22                     text22       0CC1
__ptext3                      text3        0F8C
__ptext4                      text4        0F18
__ptext5                      text5        0EB8
__ptext6                      text6        0E5F
__ptext7                      text7        0089
__ptext8                      text8        0CB0
__ptext9                      text9        0D3C
__stringbase                  strings      0012
__stringtab                   strings      0003
_broadcast_BT                 text8        0CB0
_c1                           bssBANK0     0058
_c2                           bssBANK0     0059
_c3                           bssBANK0     005A
_count1                       bssBANK0     0052
_count2                       bssBANK0     0054
_count3                       bssBANK0     0056
_dist1                        text15       0D6C
_dist2                        text14       0DBD
_dist3                        text13       0E0E
_itoa                         text5        0EB8
_main                         maintext     02C0
_person150_170                text4        0F18
_person170_190                text3        0F8C
_personOver_190               text2        00F0
_updateWifiCounter            text1        043E
_wifiCounter                  dataBANK0    0067
btemp                         (abs)        007E
clear_ram0                    clrtext      0C98
dist1@distance1               cstackBANK0  003F
dist2@distance2               cstackBANK0  003F
dist3@distance3               cstackBANK0  003F
end_of_initialization         cinit        07FC
intlevel0                     functab      0000
intlevel1                     functab      0000
intlevel2                     functab      0000
intlevel3                     functab      0000
intlevel4                     functab      0000
intlevel5                     functab      0000
itoa@buffer                   bssBANK0     005B
itoa@c                        cstackBANK0  0022
itoa@original                 cstackBANK0  0020
itoa@value                    cstackCOMMON 0079
main@distance1                cstackBANK0  0046
main@distance2                cstackBANK0  004A
main@distance3                cstackBANK0  004E
reset_vec                     reset_vec    0000
start                         init         0000
start_initialization          cinit        07DB
updateWifiCounter@temp        cstackBANK0  0020
updateWifiCounter@temp_180    cstackBANK0  0022
updateWifiCounter@temp_181    cstackBANK0  0024
wtemp0                        (abs)        007E


MODULE INFORMATION

Module		Function		Class		Link	Load	Size
./sensor.h
		_dist3         		CODE           	0E0E	0000	81
		_dist1         		CODE           	0D6C	0000	81
		_dist2         		CODE           	0DBD	0000	81

./sensor.h estimated size: 243

./BT.h
		_Initialize_Bluetooth		CODE           	0CC1	0000	20
		_BT_load_char  		CODE           	0CA0	0000	16
		_BT_load_string		CODE           	0D16	0000	38
		_broadcast_BT  		CODE           	0CB0	0000	17

./BT.h estimated size: 91

C:\Program Files\Microchip\xc8\v2.36\pic\sources\c90\common\awmod.c
		___awmod       		CODE           	0E5F	0000	89

C:\Program Files\Microchip\xc8\v2.36\pic\sources\c90\common\awmod.c estimated size: 89

C:\Program Files\Microchip\xc8\v2.36\pic\sources\c90\common\awdiv.c
		___awdiv       		CODE           	0089	0000	103

C:\Program Files\Microchip\xc8\v2.36\pic\sources\c90\common\awdiv.c estimated size: 103

./LCD.h
		_LCD_Command   		CODE           	0CD5	0000	20
		_LCD_Data      		CODE           	0CE9	0000	20
		_LCD_string    		CODE           	0D3C	0000	48
		_LCD_init      		CODE           	0CFD	0000	25
		_LCD_Clear     		CODE           	0C91	0000	7
		_itoa          		CODE           	0EB8	0000	96

./LCD.h estimated size: 216

C:\Program Files\Microchip\xc8\v2.36\pic\sources\c90\common\sprcdiv.c
		___fldiv       		CODE           	05FE	0000	477

C:\Program Files\Microchip\xc8\v2.36\pic\sources\c90\common\sprcdiv.c estimated size: 477

shared
		__stringtab    		STRING         	0003	0000	16
		__initialization		CODE           	07DB	0000	33

shared estimated size: 49

C:\Program Files\Microchip\xc8\v2.36\pic\sources\c90\common\xxtofl.c
		___xxtofl      		CODE           	0206	0000	186

C:\Program Files\Microchip\xc8\v2.36\pic\sources\c90\common\xxtofl.c estimated size: 186

mainBT.c
		_updateWifiCounter		CODE           	043E	0000	448
		_main          		CODE           	02C0	0000	382
		_personOver_190		CODE           	00F0	0000	116
		_person150_170 		CODE           	0F18	0000	116
		_person170_190 		CODE           	0F8C	0000	116

mainBT.c estimated size: 1178

C:\Program Files\Microchip\xc8\v2.36\pic\sources\c90\common\flge.c
		___flge        		CODE           	0164	0000	162

C:\Program Files\Microchip\xc8\v2.36\pic\sources\c90\common\flge.c estimated size: 162

